../Drivers/STM32WBxx_HAL_Driver/Inc/stm32wbxx_ll_bus.h:364:22:LL_AHB1_GRP1_EnableClock	1
../Drivers/STM32WBxx_HAL_Driver/Inc/stm32wbxx_ll_bus.h:539:22:LL_AHB2_GRP1_EnableClock	1
../Core/Src/main.c:84:5:main	5
../Core/Src/main.c:198:6:SystemClock_Config	3
../Core/Src/main.c:252:6:PeriphCommonClock_Config	2
../Core/Src/main.c:276:13:MX_ADC1_Init	6
../Core/Src/main.c:358:13:MX_LPUART1_UART_Init	5
../Core/Src/main.c:404:13:MX_DMA_Init	1
../Core/Src/main.c:423:13:MX_GPIO_Init	1
../Core/Src/main.c:458:6:HAL_ADC_ConvCpltCallback	2
../Core/Src/main.c:465:6:LogSpeed	1
../Core/Src/main.c:475:6:Error_Handler	1
