../Drivers/STM32WBxx_HAL_Driver/Inc/stm32wbxx_ll_bus.h:364:22:LL_AHB1_GRP1_EnableClock	24	static
../Drivers/STM32WBxx_HAL_Driver/Inc/stm32wbxx_ll_bus.h:539:22:LL_AHB2_GRP1_EnableClock	24	static
../Core/Src/main.c:84:5:main	2120	static
../Core/Src/main.c:198:6:SystemClock_Config	112	static
../Core/Src/main.c:252:6:PeriphCommonClock_Config	88	static
../Core/Src/main.c:276:13:MX_ADC1_Init	32	static
../Core/Src/main.c:358:13:MX_LPUART1_UART_Init	8	static
../Core/Src/main.c:404:13:MX_DMA_Init	8	static
../Core/Src/main.c:423:13:MX_GPIO_Init	32	static
../Core/Src/main.c:458:6:HAL_ADC_ConvCpltCallback	16	static
../Core/Src/main.c:465:6:LogSpeed	24	static
../Core/Src/main.c:475:6:Error_Handler	4	static,ignoring_inline_asm
